// Jest Snapshot v1, https://goo.gl/fbAQLP

exports[`getEmptyLines allSymbols 1`] = `
Array [
  2,
  6,
  8,
  18,
  21,
  26,
  31,
  32,
]
`;

exports[`getEmptyLines empty-reg 1`] = `
Array [
  9,
  17,
  27,
  30,
  36,
  42,
  44,
  48,
  52,
  54,
  66,
  68,
  72,
  78,
  79,
]
`;
