// Jest Snapshot v1, https://goo.gl/fbAQLP

exports[`validate syntax should return the error object for the invalid expression 1`] = `"SyntaxError : foo)( is an invalid."`;
