// Jest Snapshot v1, https://goo.gl/fbAQLP

exports[`Outline should render 1`] = `
ShallowWrapper {
  "complexSelector": ComplexSelector {
    "buildPredicate": [Function],
    "childrenOfNode": [Function],
    "findWhereUnwrapped": [Function],
  },
  "length": 1,
  "node": <div
    className="outline"
>
    <ul />
</div>,
  "nodes": Array [
    <div
      className="outline"
>
      <ul />
</div>,
  ],
  "options": Object {},
  "renderer": ReactShallowRenderer {
    "_instance": ShallowComponentWrapper {
      "_calledComponentWillUnmount": false,
      "_compositeType": 0,
      "_context": Object {},
      "_currentElement": <Outline
        sourceText={
                Object {
                        "contentType": "text/javascript",
                        "id": "func",
                        "text": "function square(n) {
                  return n * n;
                }
                
                child = function() {};
                
                (function() {
                  2;
                })();
                ",
                      }
        }
/>,
      "_debugID": 1,
      "_hostContainerInfo": null,
      "_hostParent": null,
      "_instance": Outline {
        "_reactInternalInstance": [Circular],
        "context": Object {},
        "props": Object {
          "sourceText": Object {
            "contentType": "text/javascript",
            "id": "func",
            "text": "function square(n) {
  return n * n;
}

child = function() {};

(function() {
  2;
})();
",
          },
        },
        "refs": Object {},
        "state": Object {},
        "updater": Object {
          "enqueueCallback": [Function],
          "enqueueCallbackInternal": [Function],
          "enqueueElementInternal": [Function],
          "enqueueForceUpdate": [Function],
          "enqueueReplaceState": [Function],
          "enqueueSetState": [Function],
          "isMounted": [Function],
          "validateCallback": [Function],
        },
      },
      "_mountOrder": 1,
      "_pendingCallbacks": null,
      "_pendingElement": null,
      "_pendingForceUpdate": false,
      "_pendingReplaceState": false,
      "_pendingStateQueue": null,
      "_renderedComponent": Object {
        "_currentElement": <div
          className="outline"
>
          <ul />
</div>,
        "_debugID": 2,
        "_renderedOutput": <div
          className="outline"
>
          <ul />
</div>,
      },
      "_renderedNodeType": 0,
      "_rootNodeID": 0,
      "_topLevelWrapper": null,
      "_updateBatchNumber": null,
      "_warnedAboutRefsInRender": false,
    },
    "getRenderOutput": [Function],
    "render": [Function],
  },
  "root": [Circular],
  "unrendered": <Outline
    sourceText={
        Object {
            "contentType": "text/javascript",
            "id": "func",
            "text": "function square(n) {
          return n * n;
        }
        
        child = function() {};
        
        (function() {
          2;
        })();
        ",
          }
    }
/>,
}
`;
